// Jest Snapshot v1, https://goo.gl/fbAQLP

exports[`test cardIcon component snapshot card icon enzyme 1`] = `ShallowWrapper {}`;
