// Jest Snapshot v1, https://goo.gl/fbAQLP

exports[`test clearCart component snapshot clearCart enzyme 1`] = `ShallowWrapper {}`;
